\BOOKMARK [1][-]{bm:Title.1}{\376\377\000T\000i\000t\000l\000e\000\040\000P\000a\000g\000e}{}% 1
\BOOKMARK [1][-]{section.1}{\376\377\004\022\004\062\004\065\004\064\004\065\004\075\004\070\004\065}{}% 2
\BOOKMARK [1][-]{section.2}{\376\377\004\037\004\076\004\101\004\102\004\060\004\075\004\076\004\062\004\072\004\060\000\040\004\067\004\060\004\064\004\060\004\107\004\070}{}% 3
\BOOKMARK [2][-]{subsection.2.1}{\376\377\004\046\004\065\004\073\004\114}{section.2}% 4
\BOOKMARK [2][-]{subsection.2.2}{\376\377\004\027\004\060\004\064\004\060\004\107\004\070}{section.2}% 5
\BOOKMARK [2][-]{subsection.2.3}{\376\377\004\044\004\076\004\100\004\074\004\060\004\073\004\114\004\075\004\060\004\117\000\040\004\077\004\076\004\101\004\102\004\060\004\075\004\076\004\062\004\072\004\060\000\040\004\067\004\060\004\064\004\060\004\107\004\070}{section.2}% 6
\BOOKMARK [1][-]{section.3}{\376\377\004\036\004\061\004\067\004\076\004\100\000\040\004\101\004\103\004\111\004\065\004\101\004\102\004\062\004\103\004\116\004\111\004\070\004\105\000\040\004\074\004\065\004\102\004\076\004\064\004\076\004\062}{}% 7
\BOOKMARK [2][-]{subsection.3.1}{\376\377\004\034\004\065\004\102\004\076\004\064\004\113\000\040\004\077\004\100\004\065\004\064\004\101\004\102\004\060\004\062\004\073\004\065\004\075\004\070\004\117\000\040\004\077\004\076\004\062\004\065\004\100\004\105\004\075\004\076\004\101\004\102\004\065\004\071\000\040\004\075\004\060\000\040\004\076\004\101\004\075\004\076\004\062\004\065\000\040\004\067\004\075\004\060\004\072\004\076\004\062\004\113\004\105\000\040\004\077\004\076\004\073\004\065\004\071\000\040\004\100\004\060\004\101\004\101\004\102\004\076\004\117\004\075\004\070\004\071}{section.3}% 8
\BOOKMARK [3][-]{subsubsection.3.1.1}{\376\377\004\034\004\060\004\102\004\065\004\074\004\060\004\102\004\070\004\107\004\065\004\101\004\072\004\070\004\071\000\040\004\060\004\077\004\077\004\060\004\100\004\060\004\102\000\040\004\060\004\075\004\060\004\073\004\070\004\102\004\070\004\107\004\065\004\101\004\072\004\070\004\105\000\040\000S\000D\000F\000-\004\077\004\100\004\065\004\064\004\101\004\102\004\060\004\062\004\073\004\065\004\075\004\070\004\071}{subsection.3.1}% 9
\BOOKMARK [3][-]{subsubsection.3.1.2}{\376\377\004\035\004\065\004\071\004\100\004\076\004\075\004\075\004\113\004\065\000\040\004\077\004\100\004\065\004\064\004\101\004\102\004\060\004\062\004\073\004\065\004\075\004\070\004\117}{subsection.3.1}% 10
\BOOKMARK [3][-]{subsubsection.3.1.3}{\376\377\004\030\004\065\004\100\004\060\004\100\004\105\004\070\004\107\004\065\004\101\004\072\004\070\004\065\000\040\004\101\004\102\004\100\004\103\004\072\004\102\004\103\004\100\004\113\000\040\004\070\000\040\004\063\004\070\004\061\004\100\004\070\004\064\004\075\004\113\004\065\000\040\004\077\004\100\004\065\004\064\004\101\004\102\004\060\004\062\004\073\004\065\004\075\004\070\004\117}{subsection.3.1}% 11
\BOOKMARK [2][-]{subsection.3.2}{\376\377\004\034\004\065\004\102\004\076\004\064\004\113\000\040\004\100\004\065\004\075\004\064\004\065\004\100\004\070\004\075\004\063\004\060\000\040\004\077\004\076\004\062\004\065\004\100\004\105\004\075\004\076\004\101\004\102\004\065\004\071\000\040\004\075\004\060\000\040\004\076\004\101\004\075\004\076\004\062\004\065\000\040\004\067\004\075\004\060\004\072\004\076\004\062\004\113\004\105\000\040\004\077\004\076\004\073\004\065\004\071\000\040\004\100\004\060\004\101\004\101\004\102\004\076\004\117\004\075\004\070\004\071\000\040\004\062\000\040\004\100\004\065\004\060\004\073\004\114\004\075\004\076\004\074\000\040\004\062\004\100\004\065\004\074\004\065\004\075\004\070}{section.3}% 12
\BOOKMARK [3][-]{subsubsection.3.2.1}{\376\377\004\033\004\103\004\107\004\065\004\062\004\113\004\065\000\040\004\074\004\065\004\102\004\076\004\064\004\113\000\040\004\075\004\060\004\105\004\076\004\066\004\064\004\065\004\075\004\070\004\117\000\040\004\102\004\076\004\107\004\072\004\070\000\040\004\077\004\065\004\100\004\065\004\101\004\065\004\107\004\065\004\075\004\070\004\117}{subsection.3.2}% 13
\BOOKMARK [3][-]{subsubsection.3.2.2}{\376\377\004\036\004\061\004\112\004\121\004\074\004\075\004\113\004\071\000\040\004\100\004\065\004\075\004\064\004\065\004\100\004\070\004\075\004\063\000\040\000\050\000V\000o\000l\000u\000m\000e\000\040\000R\000e\000n\000d\000e\000r\000i\000n\000g\000\051}{subsection.3.2}% 14
\BOOKMARK [3][-]{subsubsection.3.2.3}{\376\377\004\024\004\070\004\104\004\104\004\065\004\100\004\065\004\075\004\106\004\070\004\100\004\103\004\065\004\074\004\113\004\071\000\040\004\100\004\065\004\075\004\064\004\065\004\100\004\070\004\075\004\063}{subsection.3.2}% 15
\BOOKMARK [3][-]{subsubsection.3.2.4}{\376\377\004\040\004\060\004\101\004\102\004\065\004\100\004\070\004\067\004\060\004\106\004\070\004\117\000\040\004\070\004\067\004\062\004\073\004\065\004\107\004\121\004\075\004\075\004\113\004\105\000\040\004\077\004\076\004\062\004\065\004\100\004\105\004\075\004\076\004\101\004\102\004\065\004\071}{subsection.3.2}% 16
\BOOKMARK [2][-]{subsection.3.3}{\376\377\004\022\004\113\004\062\004\076\004\064\004\113\000\040\004\070\000\040\004\062\004\113\004\061\004\076\004\100\000\040\004\074\004\065\004\102\004\076\004\064\004\076\004\062}{section.3}% 17
\BOOKMARK [1][-]{section.4}{\376\377\004\037\004\100\004\065\004\064\004\073\004\076\004\066\004\065\004\075\004\075\004\113\004\071\000\040\004\074\004\065\004\102\004\076\004\064}{}% 18
\BOOKMARK [2][-]{subsection.4.1}{\376\377\004\037\004\076\004\070\004\101\004\072\000\040\004\060\004\072\004\102\004\070\004\062\004\075\004\113\004\105\000\040\004\103\004\067\004\073\004\076\004\062}{section.4}% 19
\BOOKMARK [3][-]{subsubsection.4.1.1}{\376\377\004\044\004\076\004\100\004\074\004\070\004\100\004\076\004\062\004\060\004\075\004\070\004\065\000\040\004\074\004\060\004\101\004\101\004\070\004\062\004\060\000\040\004\060\004\072\004\102\004\070\004\062\004\075\004\113\004\105\000\040\004\103\004\067\004\073\004\076\004\062}{subsection.4.1}% 20
\BOOKMARK [2][-]{subsection.4.2}{\376\377\004\042\004\100\004\070\004\060\004\075\004\063\004\103\004\073\004\117\004\106\004\070\004\117\000\040\004\077\004\076\004\062\004\065\004\100\004\105\004\075\004\076\004\101\004\102\004\070}{section.4}% 21
\BOOKMARK [2][-]{subsection.4.3}{\376\377\004\040\004\060\004\101\004\102\004\065\004\100\004\070\004\067\004\060\004\106\004\070\004\117}{section.4}% 22
\BOOKMARK [2][-]{subsection.4.4}{\376\377\004\037\004\076\004\101\004\102\004\076\004\061\004\100\004\060\004\061\004\076\004\102\004\072\004\060\000\040\004\070\000\040\004\100\004\060\004\101\004\101\004\107\004\065\004\102\000\040\004\076\004\101\004\062\004\065\004\111\004\065\004\075\004\070\004\117}{section.4}% 23
\BOOKMARK [3][-]{subsubsection.4.4.1}{\376\377\004\032\004\076\004\100\004\100\004\065\004\072\004\106\004\070\004\117\000\040\004\062\004\070\004\067\004\103\004\060\004\073\004\114\004\075\004\076\004\071\000\040\004\101\004\062\004\117\004\067\004\075\004\076\004\101\004\102\004\070}{subsection.4.4}% 24
\BOOKMARK [2][-]{subsection.4.5}{\376\377\004\027\004\060\004\077\004\076\004\073\004\075\004\065\004\075\004\070\004\065\000\040\000H\000i\000-\000Z\000\040\004\061\004\103\004\104\004\065\004\100\004\060}{section.4}% 25
\BOOKMARK [2][-]{subsection.4.6}{\376\377\004\037\004\100\004\076\004\063\004\100\004\060\004\074\004\075\004\060\004\117\000\040\004\100\004\065\004\060\004\073\004\070\004\067\004\060\004\106\004\070\004\117}{section.4}% 26
\BOOKMARK [1][-]{section.5}{\376\377\004\055\004\072\004\101\004\077\004\065\004\100\004\070\004\074\004\065\004\075\004\102\004\113}{}% 27
\BOOKMARK [2][-]{subsection.5.1}{\376\377\004\034\004\065\004\102\004\076\004\064\004\076\004\073\004\076\004\063\004\070\004\117}{section.5}% 28
\BOOKMARK [3][-]{subsubsection.5.1.1}{\376\377\004\020\004\077\004\077\004\060\004\100\004\060\004\102\004\075\004\060\004\117\000\040\004\072\004\076\004\075\004\104\004\070\004\063\004\103\004\100\004\060\004\106\004\070\004\117}{subsection.5.1}% 29
\BOOKMARK [3][-]{subsubsection.5.1.2}{\376\377\004\034\004\065\004\102\004\100\004\070\004\072\004\070}{subsection.5.1}% 30
\BOOKMARK [2][-]{subsection.5.2}{\376\377\004\034\004\060\004\101\004\110\004\102\004\060\004\061\004\070\004\100\004\103\004\065\004\074\004\076\004\101\004\102\004\114\000\040\004\077\004\076\000\040\004\100\004\060\004\067\004\074\004\065\004\100\004\103\000\040\004\074\004\076\004\064\004\065\004\073\004\070\000\040\004\070\000\040\004\100\004\060\004\067\004\100\004\065\004\110\004\065\004\075\004\070\004\116\000\040\004\115\004\072\004\100\004\060\004\075\004\060}{section.5}% 31
\BOOKMARK [1][-]{section.6}{\376\377\004\040\004\065\004\067\004\103\004\073\004\114\004\102\004\060\004\102\004\113}{}% 32
